// Jest Snapshot v1, https://goo.gl/fbAQLP

exports[`HistoryList renders without errors 1`] = `<styled.div />`;
